3,United Kingdom,1,Edinburgh,3,2,1
3,Taiwan,2,Taipei,3,99,2
3,Cameroun,2,Yaoundé,3,99,2
3,Cuba,2,La Habana,3,99,2
3,United States,1,West Lafayette,3,2,1
3,United States,1,Boulder,3,2,1
3,Philippines,1,San Juan,3,2,1
3,United Kingdom,2,London,3,99,2
3,US,1,Laramie,3,2,1
3,United States,1,Laramie,3,2,1
3,Italy,1,Mazzano Romano,3,99,1
3,Italy,1,Roma,3,99,1
3,Italy,2,Vicopisano,3,99,2
3,Philippines,1,Manila,3,2,1
3,US,1,Fort Collins,3,2,1
3,United States,1,Fort Collins,3,2,1
3,Luxembourg,2,Bonnevoie,3,99,2
3,UK,2,London,3,99,2
3,United Kingdom,2,London,3,99,2
3,United Kingdom,2,Cambridge,3,99,2
3,Turkey,2,Istanbul,3,99,2
3,Australia,2,Melbourne,3,99,2
3,United States,2,Seattle,3,99,2
3,Czech Republic,2,Praha,3,99,2
3,United States,1,Hoboken,3,2,1
3,Spain,2,Zaragoza,3,99,2
3,France,2,Rennes,3,99,2
3,France,2,Paris,3,99,2
3,United States,1,Prescott,3,2,1
3,United Kingdom,1,Glasgow,3,2,1
3,Australia,2,Brisbane,3,99,2
3,Bolivia,2,La Paz,3,99,2
3,India,2,Kerala,3,99,2
3,Nepal,2,Kathmandu,3,99,2
3,France,1,Clapiers,3,99,1
3,Canada,1,Ottawa,3,2,1
3,Argentina,1,Posadas,3,2,1
3,Argentina,1,Resistencia,3,2,1
3,Argentina,1,Santa Fe,3,2,1
3,Germany,2,Berlin,3,99,2
3,Mexico,2,Morelia,3,99,2
3,France,2,Champs-sur-Marne (Marne-la-Vallée),3,99,2
3,Italy,1,Acqui Terme,3,2,1
3,France,1,Jacou,3,99,1
3,Argentina,1,Curuzú Cuatiá,3,2,1
4,France,3,Digne-les-Bains,4,99,3
3,US,1,Greeley,3,2,1
3,United States,1,Greeley,3,2,1
3,Germany,1,Perl,3,2,1
3,Brazil,2,Brasília,3,99,2
